<?xml version="1.0" encoding="utf-8"?><testsuites><testsuite name="pytest" errors="0" failures="0" skipped="0" tests="4" time="5.108" timestamp="2025-11-21T19:11:06.584441" hostname="johanpc"><testcase classname="tests.api.test_api.TestBatchPipeline" name="test_should_failed_unkown_column_1" time="0.103" /><testcase classname="tests.api.test_api.TestBatchPipeline" name="test_should_failed_unkown_column_2" time="0.009" /><testcase classname="tests.api.test_api.TestBatchPipeline" name="test_should_failed_unkown_column_3" time="0.007" /><testcase classname="tests.api.test_api.TestBatchPipeline" name="test_should_get_predict" time="0.035" /></testsuite></testsuites>